Archive member included to satisfy reference by file (symbol)

C:/Users/30609/.eide/tools/gcc_arm/bin/../lib/gcc/arm-none-eabi/14.3.1/thumb/v7-m/nofp\libgcc.a(_arm_mulsf3.o)
                              ./build/Debug/.obj/Core/JC_Gimbal/GImbal_track.o (__aeabi_fmul)
C:/Users/30609/.eide/tools/gcc_arm/bin/../lib/gcc/arm-none-eabi/14.3.1/thumb/v7-m/nofp\libgcc.a(_arm_addsubsf3.o)
                              ./build/Debug/.obj/Core/JC_Gimbal/GImbal_track.o (__aeabi_fsub)
C:/Users/30609/.eide/tools/gcc_arm/bin/../lib/gcc/arm-none-eabi/14.3.1/thumb/v7-m/nofp\libgcc.a(_arm_cmpsf2.o)
                              ./build/Debug/.obj/Core/JC_Gimbal/GImbal_track.o (__aeabi_fcmplt)
C:/Users/30609/.eide/tools/gcc_arm/bin/../lib/gcc/arm-none-eabi/14.3.1/thumb/v7-m/nofp\libgcc.a(_arm_fixsfsi.o)
                              ./build/Debug/.obj/Core/JC_Gimbal/GImbal_track.o (__aeabi_f2iz)
C:/Users/30609/.eide/tools/gcc_arm/bin/../lib/gcc/arm-none-eabi/14.3.1/../../../../arm-none-eabi/lib/thumb/v7-m/nofp\libc_nano.a(libc_a-exit.o)
                              C:/Users/30609/.eide/tools/gcc_arm/bin/../lib/gcc/arm-none-eabi/14.3.1/../../../../arm-none-eabi/lib/thumb/v7-m/nofp/crt0.o (exit)
C:/Users/30609/.eide/tools/gcc_arm/bin/../lib/gcc/arm-none-eabi/14.3.1/../../../../arm-none-eabi/lib/thumb/v7-m/nofp\libc_nano.a(libc_a-findfp.o)
                              C:/Users/30609/.eide/tools/gcc_arm/bin/../lib/gcc/arm-none-eabi/14.3.1/../../../../arm-none-eabi/lib/thumb/v7-m/nofp\libc_nano.a(libc_a-exit.o) (__stdio_exit_handler)
C:/Users/30609/.eide/tools/gcc_arm/bin/../lib/gcc/arm-none-eabi/14.3.1/../../../../arm-none-eabi/lib/thumb/v7-m/nofp\libc_nano.a(libc_a-fwalk.o)
                              C:/Users/30609/.eide/tools/gcc_arm/bin/../lib/gcc/arm-none-eabi/14.3.1/../../../../arm-none-eabi/lib/thumb/v7-m/nofp\libc_nano.a(libc_a-findfp.o) (_fwalk_sglue)
C:/Users/30609/.eide/tools/gcc_arm/bin/../lib/gcc/arm-none-eabi/14.3.1/../../../../arm-none-eabi/lib/thumb/v7-m/nofp\libc_nano.a(libc_a-stdio.o)
                              C:/Users/30609/.eide/tools/gcc_arm/bin/../lib/gcc/arm-none-eabi/14.3.1/../../../../arm-none-eabi/lib/thumb/v7-m/nofp\libc_nano.a(libc_a-findfp.o) (__sread)
C:/Users/30609/.eide/tools/gcc_arm/bin/../lib/gcc/arm-none-eabi/14.3.1/../../../../arm-none-eabi/lib/thumb/v7-m/nofp\libc_nano.a(libc_a-vsnprintf.o)
                              ./build/Debug/.obj/Core/Message/uart.o (vsnprintf)
C:/Users/30609/.eide/tools/gcc_arm/bin/../lib/gcc/arm-none-eabi/14.3.1/../../../../arm-none-eabi/lib/thumb/v7-m/nofp\libc_nano.a(libc_a-memset.o)
                              C:/Users/30609/.eide/tools/gcc_arm/bin/../lib/gcc/arm-none-eabi/14.3.1/../../../../arm-none-eabi/lib/thumb/v7-m/nofp/crt0.o (memset)
C:/Users/30609/.eide/tools/gcc_arm/bin/../lib/gcc/arm-none-eabi/14.3.1/../../../../arm-none-eabi/lib/thumb/v7-m/nofp\libc_nano.a(libc_a-closer.o)
                              C:/Users/30609/.eide/tools/gcc_arm/bin/../lib/gcc/arm-none-eabi/14.3.1/../../../../arm-none-eabi/lib/thumb/v7-m/nofp\libc_nano.a(libc_a-stdio.o) (_close_r)
C:/Users/30609/.eide/tools/gcc_arm/bin/../lib/gcc/arm-none-eabi/14.3.1/../../../../arm-none-eabi/lib/thumb/v7-m/nofp\libc_nano.a(libc_a-reent.o)
                              C:/Users/30609/.eide/tools/gcc_arm/bin/../lib/gcc/arm-none-eabi/14.3.1/../../../../arm-none-eabi/lib/thumb/v7-m/nofp\libc_nano.a(libc_a-closer.o) (errno)
C:/Users/30609/.eide/tools/gcc_arm/bin/../lib/gcc/arm-none-eabi/14.3.1/../../../../arm-none-eabi/lib/thumb/v7-m/nofp\libc_nano.a(libc_a-impure.o)
                              C:/Users/30609/.eide/tools/gcc_arm/bin/../lib/gcc/arm-none-eabi/14.3.1/../../../../arm-none-eabi/lib/thumb/v7-m/nofp\libc_nano.a(libc_a-vsnprintf.o) (_impure_ptr)
C:/Users/30609/.eide/tools/gcc_arm/bin/../lib/gcc/arm-none-eabi/14.3.1/../../../../arm-none-eabi/lib/thumb/v7-m/nofp\libc_nano.a(libc_a-lseekr.o)
                              C:/Users/30609/.eide/tools/gcc_arm/bin/../lib/gcc/arm-none-eabi/14.3.1/../../../../arm-none-eabi/lib/thumb/v7-m/nofp\libc_nano.a(libc_a-stdio.o) (_lseek_r)
C:/Users/30609/.eide/tools/gcc_arm/bin/../lib/gcc/arm-none-eabi/14.3.1/../../../../arm-none-eabi/lib/thumb/v7-m/nofp\libc_nano.a(libc_a-readr.o)
                              C:/Users/30609/.eide/tools/gcc_arm/bin/../lib/gcc/arm-none-eabi/14.3.1/../../../../arm-none-eabi/lib/thumb/v7-m/nofp\libc_nano.a(libc_a-stdio.o) (_read_r)
C:/Users/30609/.eide/tools/gcc_arm/bin/../lib/gcc/arm-none-eabi/14.3.1/../../../../arm-none-eabi/lib/thumb/v7-m/nofp\libc_nano.a(libc_a-writer.o)
                              C:/Users/30609/.eide/tools/gcc_arm/bin/../lib/gcc/arm-none-eabi/14.3.1/../../../../arm-none-eabi/lib/thumb/v7-m/nofp\libc_nano.a(libc_a-stdio.o) (_write_r)
C:/Users/30609/.eide/tools/gcc_arm/bin/../lib/gcc/arm-none-eabi/14.3.1/../../../../arm-none-eabi/lib/thumb/v7-m/nofp\libc_nano.a(libc_a-errno.o)
                              ./build/Debug/.obj/Core/Src/syscalls.o (__errno)
[...]
Memory Configuration

Name             Origin             Length             Attributes
RAM              0x20000000         0x00005000         xrw
FLASH            0x08000000         0x00010000         xr
*default*        0x00000000         0xffffffff

Linker script and memory map

LOAD C:/Users/30609/.eide/tools/gcc_arm/bin/../lib/gcc/arm-none-eabi/14.3.1/thumb/v7-m/nofp/crti.o
LOAD C:/Users/30609/.eide/tools/gcc_arm/bin/../lib/gcc/arm-none-eabi/14.3.1/thumb/v7-m/nofp/crtbegin.o
LOAD C:/Users/30609/.eide/tools/gcc_arm/bin/../lib/gcc/arm-none-eabi/14.3.1/../../../../arm-none-eabi/lib/thumb/v7-m/nofp/crt0.o
LOAD ./build/Debug/.obj/Core/JC_Gimbal/GImbal_track.o
LOAD ./build/Debug/.obj/Core/JC_Gimbal/JC.o
LOAD ./build/Debug/.obj/Core/Message/uart.o
LOAD ./build/Debug/.obj/Core/Message/vision.o
LOAD ./build/Debug/.obj/Core/Src/dma.o
LOAD ./build/Debug/.obj/Core/Src/gpio.o
LOAD ./build/Debug/.obj/Core/Src/main.o
LOAD ./build/Debug/.obj/Core/Src/stm32f1xx_hal_msp.o
LOAD ./build/Debug/.obj/Core/Src/stm32f1xx_it.o
LOAD ./build/Debug/.obj/Core/Src/syscalls.o
LOAD ./build/Debug/.obj/Core/Src/sysmem.o
LOAD ./build/Debug/.obj/Core/Src/system_stm32f1xx.o
LOAD ./build/Debug/.obj/Core/Src/tim.o
LOAD ./build/Debug/.obj/Core/Src/usart.o
LOAD ./build/Debug/.obj/Core/Startup/startup_stm32f103c8tx.o
LOAD ./build/Debug/.obj/Drivers/STM32F1xx_HAL_Driver/Src/stm32f1xx_hal.o
LOAD ./build/Debug/.obj/Drivers/STM32F1xx_HAL_Driver/Src/stm32f1xx_hal_cortex.o
LOAD ./build/Debug/.obj/Drivers/STM32F1xx_HAL_Driver/Src/stm32f1xx_hal_dma.o
LOAD ./build/Debug/.obj/Drivers/STM32F1xx_HAL_Driver/Src/stm32f1xx_hal_exti.o
LOAD ./build/Debug/.obj/Drivers/STM32F1xx_HAL_Driver/Src/stm32f1xx_hal_flash.o
LOAD ./build/Debug/.obj/Drivers/STM32F1xx_HAL_Driver/Src/stm32f1xx_hal_flash_ex.o
LOAD ./build/Debug/.obj/Drivers/STM32F1xx_HAL_Driver/Src/stm32f1xx_hal_gpio.o
LOAD ./build/Debug/.obj/Drivers/STM32F1xx_HAL_Driver/Src/stm32f1xx_hal_gpio_ex.o
LOAD ./build/Debug/.obj/Drivers/STM32F1xx_HAL_Driver/Src/stm32f1xx_hal_pwr.o
LOAD ./build/Debug/.obj/Drivers/STM32F1xx_HAL_Driver/Src/stm32f1xx_hal_rcc.o
LOAD ./build/Debug/.obj/Drivers/STM32F1xx_HAL_Driver/Src/stm32f1xx_hal_rcc_ex.o
LOAD ./build/Debug/.obj/Drivers/STM32F1xx_HAL_Driver/Src/stm32f1xx_hal_tim.o
LOAD ./build/Debug/.obj/Drivers/STM32F1xx_HAL_Driver/Src/stm32f1xx_hal_tim_ex.o
LOAD ./build/Debug/.obj/Drivers/STM32F1xx_HAL_Driver/Src/stm32f1xx_hal_uart.o
START GROUP
LOAD C:/Users/30609/.eide/tools/gcc_arm/bin/../lib/gcc/arm-none-eabi/14.3.1/thumb/v7-m/nofp\libgcc.a
LOAD C:/Users/30609/.eide/tools/gcc_arm/bin/../lib/gcc/arm-none-eabi/14.3.1/../../../../arm-none-eabi/lib/thumb/v7-m/nofp\libc_nano.a
END GROUP
START GROUP
LOAD C:/Users/30609/.eide/tools/gcc_arm/bin/../lib/gcc/arm-none-eabi/14.3.1/thumb/v7-m/nofp\libgcc.a
LOAD C:/Users/30609/.eide/tools/gcc_arm/bin/../lib/gcc/arm-none-eabi/14.3.1/../../../../arm-none-eabi/lib/thumb/v7-m/nofp\libc_nano.a
LOAD C:/Users/30609/.eide/tools/gcc_arm/bin/../lib/gcc/arm-none-eabi/14.3.1/../../../../arm-none-eabi/lib/thumb/v7-m/nofp\libnosys.a
END GROUP
START GROUP
LOAD C:/Users/30609/.eide/tools/gcc_arm/bin/../lib/gcc/arm-none-eabi/14.3.1/thumb/v7-m/nofp\libgcc.a
LOAD C:/Users/30609/.eide/tools/gcc_arm/bin/../lib/gcc/arm-none-eabi/14.3.1/../../../../arm-none-eabi/lib/thumb/v7-m/nofp\libc_nano.a
LOAD C:/Users/30609/.eide/tools/gcc_arm/bin/../lib/gcc/arm-none-eabi/14.3.1/../../../../arm-none-eabi/lib/thumb/v7-m/nofp\libnosys.a
END GROUP
LOAD C:/Users/30609/.eide/tools/gcc_arm/bin/../lib/gcc/arm-none-eabi/14.3.1/thumb/v7-m/nofp/crtend.o
LOAD C:/Users/30609/.eide/tools/gcc_arm/bin/../lib/gcc/arm-none-eabi/14.3.1/thumb/v7-m/nofp/crtn.o
                0x20005000                        _estack = (ORIGIN (RAM) + LENGTH (RAM))
                0x00000200                        _Min_Heap_Size = 0x200
                0x00000400                        _Min_Stack_Size = 0x400

.isr_vector     0x08000000      0x10c
                0x08000000                        . = ALIGN (0x4)
 *(.isr_vector)
 .isr_vector    0x08000000      0x10c ./build/Debug/.obj/Core/Startup/startup_stm32f103c8tx.o
                0x08000000                g_pfnVectors
                0x0800010c                        . = ALIGN (0x4)

.text           0x0800010c     0x2a38
                0x0800010c                        . = ALIGN (0x4)
 *(.text)
 .text          0x0800010c      0x168 C:/Users/30609/.eide/tools/gcc_arm/bin/../lib/gcc/arm-none-eabi/14.3.1/thumb/v7-m/nofp\libgcc.a(_arm_mulsf3.o)
                0x0800010c                __aeabi_fmul
                0x0800010c                __mulsf3
 .text          0x08000274      0x21c C:/Users/30609/.eide/tools/gcc_arm/bin/../lib/gcc/arm-none-eabi/14.3.1/thumb/v7-m/nofp\libgcc.a(_arm_addsubsf3.o)
                0x08000274                __aeabi_frsub
                0x0800027c                __subsf3
                0x0800027c                __aeabi_fsub
                0x08000280                __aeabi_fadd
                0x08000280                __addsf3
                0x080003e0                __aeabi_ui2f
                0x080003e0                __floatunsisf
                0x080003e8                __aeabi_i2f
                0x080003e8                __floatsisf
                0x08000404                __aeabi_ul2f
                0x08000404                __floatundisf
                0x08000414                __aeabi_l2f
                0x08000414                __floatdisf
 .text          0x08000490       0xec C:/Users/30609/.eide/tools/gcc_arm/bin/../lib/gcc/arm-none-eabi/14.3.1/thumb/v7-m/nofp\libgcc.a(_arm_cmpsf2.o)
                0x08000490                __gesf2
                0x08000490                __gtsf2
                0x08000498                __lesf2
                0x08000498                __ltsf2
                0x080004a0                __nesf2
                0x080004a0                __eqsf2
                0x080004a0                __cmpsf2
                0x08000500                __aeabi_cfrcmple
                0x08000508                __aeabi_cfcmpeq
                0x08000508                __aeabi_cfcmple
                0x08000518                __aeabi_fcmpeq
                0x0800052c                __aeabi_fcmplt
                0x08000540                __aeabi_fcmple
                0x08000554                __aeabi_fcmpge
                0x08000568                __aeabi_fcmpgt
 .text          0x0800057c       0x4c C:/Users/30609/.eide/tools/gcc_arm/bin/../lib/gcc/arm-none-eabi/14.3.1/thumb/v7-m/nofp\libgcc.a(_arm_fixsfsi.o)
                0x0800057c                __aeabi_f2iz
                0x0800057c                __fixsfsi
 *(.text*)
 .text.deregister_tm_clones
                0x080005c8       0x1c C:/Users/30609/.eide/tools/gcc_arm/bin/../lib/gcc/arm-none-eabi/14.3.1/thumb/v7-m/nofp/crtbegin.o
 .text.register_tm_clones
                0x080005e4       0x24 C:/Users/30609/.eide/tools/gcc_arm/bin/../lib/gcc/arm-none-eabi/14.3.1/thumb/v7-m/nofp/crtbegin.o
 .text.__do_global_dtors_aux
                0x08000608       0x28 C:/Users/30609/.eide/tools/gcc_arm/bin/../lib/gcc/arm-none-eabi/14.3.1/thumb/v7-m/nofp/crtbegin.o
 .text.frame_dummy
                0x08000630       0x24 C:/Users/30609/.eide/tools/gcc_arm/bin/../lib/gcc/arm-none-eabi/14.3.1/thumb/v7-m/nofp/crtbegin.o
 .text.PID_Calc
                0x08000654       0x8e ./build/Debug/.obj/Core/JC_Gimbal/GImbal_track.o
 *fill*         0x080006e2        0x2 
 .text.Gimbal_PID_Init
                0x080006e4       0x44 ./build/Debug/.obj/Core/JC_Gimbal/GImbal_track.o
                0x080006e4                Gimbal_PID_Init
 .text.Gimbal_Track_Task
                0x08000728      0x12c ./build/Debug/.obj/Core/JC_Gimbal/GImbal_track.o
                0x08000728                Gimbal_Track_Task
 .text.JC_CRC16
                0x08000854       0x38 ./build/Debug/.obj/Core/JC_Gimbal/JC.o
 .text.JC_Motor2_CloseLoop
                0x0800088c       0x42 ./build/Debug/.obj/Core/JC_Gimbal/JC.o
                0x0800088c                JC_Motor2_CloseLoop
 .text.JC_Motor2_SetAbsAngle
                0x080008ce       0x66 ./build/Debug/.obj/Core/JC_Gimbal/JC.o
                0x080008ce                JC_Motor2_SetAbsAngle
 .text.JC_Motor3_CloseLoop
                0x08000934       0x42 ./build/Debug/.obj/Core/JC_Gimbal/JC.o
                0x08000934                JC_Motor3_CloseLoop
 .text.JC_Motor3_SetAbsAngle
                0x08000976       0x66 ./build/Debug/.obj/Core/JC_Gimbal/JC.o
                0x08000976                JC_Motor3_SetAbsAngle
 .text.JC_Motor_SetZero
                0x080009dc       0x1e ./build/Debug/.obj/Core/JC_Gimbal/JC.o
                0x080009dc                JC_Motor_SetZero
 *fill*         0x080009fa        0x2 
 .text.USART2_SendByte
                0x080009fc       0x14 ./build/Debug/.obj/Core/Message/uart.o
                0x080009fc                USART2_SendByte
 .text.USART2_SendArray
                0x08000a10       0x1a ./build/Debug/.obj/Core/Message/uart.o
                0x08000a10                USART2_SendArray
 *fill*         0x08000a2a        0x2 
 .text.USART3_SendByte
                0x08000a2c       0x14 ./build/Debug/.obj/Core/Message/uart.o
                0x08000a2c                USART3_SendByte
 .text.USART3_SendArray
                0x08000a40       0x1a ./build/Debug/.obj/Core/Message/uart.o
                0x08000a40                USART3_SendArray
 .text.Validate_Frame
                0x08000a5a       0x3e ./build/Debug/.obj/Core/Message/vision.o
 .text.Vision_Get_DMA_Buffer
                0x08000a98        0x8 ./build/Debug/.obj/Core/Message/vision.o
                0x08000a98                Vision_Get_DMA_Buffer
 .text.Vision_Start_DMA_Receive
                0x08000aa0       0x34 ./build/Debug/.obj/Core/Message/vision.o
                0x08000aa0                Vision_Start_DMA_Receive
 .text.Vision_Restart_DMA_Receive
                0x08000ad4       0x14 ./build/Debug/.obj/Core/Message/vision.o
                0x08000ad4                Vision_Restart_DMA_Receive
 .text.Vision_Process_Frame
                0x08000ae8       0x5c ./build/Debug/.obj/Core/Message/vision.o
                0x08000ae8                Vision_Process_Frame
 .text.HAL_UART_RxCpltCallback
                0x08000b44       0x20 ./build/Debug/.obj/Core/Message/vision.o
                0x08000b44                HAL_UART_RxCpltCallback
 .text.MX_DMA_Init
                0x08000b64       0x54 ./build/Debug/.obj/Core/Src/dma.o
                0x08000b64                MX_DMA_Init
 .text.MX_GPIO_Init
                0x08000bb8       0xe8 ./build/Debug/.obj/Core/Src/gpio.o
                0x08000bb8                MX_GPIO_Init
 .text.HAL_TIM_PeriodElapsedCallback
                0x08000ca0       0x18 ./build/Debug/.obj/Core/Src/main.o
                0x08000ca0                HAL_TIM_PeriodElapsedCallback
 .text.Error_Handler
                0x08000cb8        0x4 ./build/Debug/.obj/Core/Src/main.o
                0x08000cb8                Error_Handler
 .text.SystemClock_Config
                0x08000cbc       0x60 ./build/Debug/.obj/Core/Src/main.o
                0x08000cbc                SystemClock_Config
 .text.main     0x08000d1c       0x28 ./build/Debug/.obj/Core/Src/main.o
                0x08000d1c                main
 .text.HAL_MspInit
                0x08000d44       0x44 ./build/Debug/.obj/Core/Src/stm32f1xx_hal_msp.o
                0x08000d44                HAL_MspInit
 .text.NMI_Handler
                0x08000d88        0x2 ./build/Debug/.obj/Core/Src/stm32f1xx_it.o
                0x08000d88                NMI_Handler
 .text.HardFault_Handler
                0x08000d8a        0x2 ./build/Debug/.obj/Core/Src/stm32f1xx_it.o
                0x08000d8a                HardFault_Handler
 .text.MemManage_Handler
                0x08000d8c        0x2 ./build/Debug/.obj/Core/Src/stm32f1xx_it.o
                0x08000d8c                MemManage_Handler
 .text.BusFault_Handler
                0x08000d8e        0x2 ./build/Debug/.obj/Core/Src/stm32f1xx_it.o
                0x08000d8e                BusFault_Handler
 .text.UsageFault_Handler
                0x08000d90        0x2 ./build/Debug/.obj/Core/Src/stm32f1xx_it.o
                0x08000d90                UsageFault_Handler
 .text.SVC_Handler
                0x08000d92        0x2 ./build/Debug/.obj/Core/Src/stm32f1xx_it.o
                0x08000d92                SVC_Handler
 .text.DebugMon_Handler
                0x08000d94        0x2 ./build/Debug/.obj/Core/Src/stm32f1xx_it.o
                0x08000d94                DebugMon_Handler
 .text.PendSV_Handler
                0x08000d96        0x2 ./build/Debug/.obj/Core/Src/stm32f1xx_it.o
                0x08000d96                PendSV_Handler
 .text.SysTick_Handler
                0x08000d98        0x8 ./build/Debug/.obj/Core/Src/stm32f1xx_it.o
                0x08000d98                SysTick_Handler
 .text.DMA1_Channel3_IRQHandler
                0x08000da0       0x10 ./build/Debug/.obj/Core/Src/stm32f1xx_it.o
                0x08000da0                DMA1_Channel3_IRQHandler
 .text.DMA1_Channel5_IRQHandler
                0x08000db0       0x10 ./build/Debug/.obj/Core/Src/stm32f1xx_it.o
                0x08000db0                DMA1_Channel5_IRQHandler
 .text.DMA1_Channel6_IRQHandler
                0x08000dc0       0x10 ./build/Debug/.obj/Core/Src/stm32f1xx_it.o
                0x08000dc0                DMA1_Channel6_IRQHandler
 .text.TIM1_UP_IRQHandler
                0x08000dd0       0x10 ./build/Debug/.obj/Core/Src/stm32f1xx_it.o
                0x08000dd0                TIM1_UP_IRQHandler
 .text.USART1_IRQHandler
                0x08000de0       0x10 ./build/Debug/.obj/Core/Src/stm32f1xx_it.o
                0x08000de0                USART1_IRQHandler
 .text.USART2_IRQHandler
                0x08000df0       0x10 ./build/Debug/.obj/Core/Src/stm32f1xx_it.o
                0x08000df0                USART2_IRQHandler
 .text.USART3_IRQHandler
                0x08000e00       0x10 ./build/Debug/.obj/Core/Src/stm32f1xx_it.o
                0x08000e00                USART3_IRQHandler
 .text.SystemInit
                0x08000e10        0x2 ./build/Debug/.obj/Core/Src/system_stm32f1xx.o
                0x08000e10                SystemInit
 *fill*         0x08000e12        0x2 
 .text.MX_TIM1_Init
                0x08000e14       0x70 ./build/Debug/.obj/Core/Src/tim.o
                0x08000e14                MX_TIM1_Init
 .text.HAL_TIM_Base_MspInit
                0x08000e84       0x40 ./build/Debug/.obj/Core/Src/tim.o
                0x08000e84                HAL_TIM_Base_MspInit
 .text.MX_USART1_UART_Init
                0x08000ec4       0x34 ./build/Debug/.obj/Core/Src/usart.o
                0x08000ec4                MX_USART1_UART_Init
 .text.MX_USART2_UART_Init
                0x08000ef8       0x34 ./build/Debug/.obj/Core/Src/usart.o
                0x08000ef8                MX_USART2_UART_Init
 .text.MX_USART3_UART_Init
                0x08000f2c       0x34 ./build/Debug/.obj/Core/Src/usart.o
                0x08000f2c                MX_USART3_UART_Init
 .text.HAL_UART_MspInit
                0x08000f60      0x208 ./build/Debug/.obj/Core/Src/usart.o
                0x08000f60                HAL_UART_MspInit
 .text.Reset_Handler
                0x08001168       0x48 ./build/Debug/.obj/Core/Startup/startup_stm32f103c8tx.o
                0x08001168                Reset_Handler
 .text.Default_Handler
                0x080011b0        0x2 ./build/Debug/.obj/Core/Startup/startup_stm32f103c8tx.o
                0x080011b0                RTC_Alarm_IRQHandler
                0x080011b0                EXTI2_IRQHandler
                0x080011b0                TIM1_CC_IRQHandler
                0x080011b0                PVD_IRQHandler
                0x080011b0                EXTI3_IRQHandler
                0x080011b0                EXTI0_IRQHandler
                0x080011b0                I2C2_EV_IRQHandler
                0x080011b0                ADC1_2_IRQHandler
                0x080011b0                SPI1_IRQHandler
                0x080011b0                TAMPER_IRQHandler
                0x080011b0                DMA1_Channel4_IRQHandler
                0x080011b0                RTC_IRQHandler
                0x080011b0                DMA1_Channel7_IRQHandler
                0x080011b0                CAN1_RX1_IRQHandler
                0x080011b0                TIM4_IRQHandler
                0x080011b0                I2C1_EV_IRQHandler
                0x080011b0                TIM3_IRQHandler
                0x080011b0                RCC_IRQHandler
                0x080011b0                TIM1_TRG_COM_IRQHandler
                0x080011b0                DMA1_Channel1_IRQHandler
                0x080011b0                Default_Handler
                0x080011b0                EXTI15_10_IRQHandler
                0x080011b0                EXTI9_5_IRQHandler
                0x080011b0                SPI2_IRQHandler
                0x080011b0                EXTI4_IRQHandler
                0x080011b0                USB_LP_CAN1_RX0_IRQHandler
                0x080011b0                USB_HP_CAN1_TX_IRQHandler
                0x080011b0                WWDG_IRQHandler
                0x080011b0                TIM2_IRQHandler
                0x080011b0                TIM1_BRK_IRQHandler
                0x080011b0                EXTI1_IRQHandler
                0x080011b0                I2C2_ER_IRQHandler
                0x080011b0                DMA1_Channel2_IRQHandler
                0x080011b0                CAN1_SCE_IRQHandler
                0x080011b0                FLASH_IRQHandler
                0x080011b0                I2C1_ER_IRQHandler
                0x080011b0                USBWakeUp_IRQHandler
 *fill*         0x080011b2        0x2 
 .text.HAL_InitTick
                0x080011b4       0x4c ./build/Debug/.obj/Drivers/STM32F1xx_HAL_Driver/Src/stm32f1xx_hal.o
                0x080011b4                HAL_InitTick
 .text.HAL_Init
                0x08001200       0x24 ./build/Debug/.obj/Drivers/STM32F1xx_HAL_Driver/Src/stm32f1xx_hal.o
                0x08001200                HAL_Init
 .text.HAL_IncTick
                0x08001224       0x18 ./build/Debug/.obj/Drivers/STM32F1xx_HAL_Driver/Src/stm32f1xx_hal.o
                0x08001224                HAL_IncTick
 .text.HAL_GetTick
                0x0800123c        0xc ./build/Debug/.obj/Drivers/STM32F1xx_HAL_Driver/Src/stm32f1xx_hal.o
                0x0800123c                HAL_GetTick
 .text.HAL_Delay
                0x08001248       0x28 ./build/Debug/.obj/Drivers/STM32F1xx_HAL_Driver/Src/stm32f1xx_hal.o
                0x08001248                HAL_Delay
 .text.__NVIC_SetPriority
                0x08001270       0x28 ./build/Debug/.obj/Drivers/STM32F1xx_HAL_Driver/Src/stm32f1xx_hal_cortex.o
 .text.NVIC_EncodePriority
                0x08001298       0x3e ./build/Debug/.obj/Drivers/STM32F1xx_HAL_Driver/Src/stm32f1xx_hal_cortex.o
 *fill*         0x080012d6        0x2 
 .text.HAL_NVIC_SetPriorityGrouping
                0x080012d8       0x24 ./build/Debug/.obj/Drivers/STM32F1xx_HAL_Driver/Src/stm32f1xx_hal_cortex.o
                0x080012d8                HAL_NVIC_SetPriorityGrouping
 .text.HAL_NVIC_SetPriority
                0x080012fc       0x20 ./build/Debug/.obj/Drivers/STM32F1xx_HAL_Driver/Src/stm32f1xx_hal_cortex.o
                0x080012fc                HAL_NVIC_SetPriority
 .text.HAL_NVIC_EnableIRQ
                0x0800131c       0x1c ./build/Debug/.obj/Drivers/STM32F1xx_HAL_Driver/Src/stm32f1xx_hal_cortex.o
                0x0800131c                HAL_NVIC_EnableIRQ
 .text.HAL_SYSTICK_Config
                0x08001338       0x28 ./build/Debug/.obj/Drivers/STM32F1xx_HAL_Driver/Src/stm32f1xx_hal_cortex.o
                0x08001338                HAL_SYSTICK_Config
 .text.DMA_SetConfig
                0x08001360       0x2c ./build/Debug/.obj/Drivers/STM32F1xx_HAL_Driver/Src/stm32f1xx_hal_dma.o
 .text.HAL_DMA_Init
                0x0800138c       0x68 ./build/Debug/.obj/Drivers/STM32F1xx_HAL_Driver/Src/stm32f1xx_hal_dma.o
                0x0800138c                HAL_DMA_Init
 .text.HAL_DMA_Start_IT
                0x080013f4       0x74 ./build/Debug/.obj/Drivers/STM32F1xx_HAL_Driver/Src/stm32f1xx_hal_dma.o
                0x080013f4                HAL_DMA_Start_IT
 .text.HAL_DMA_Abort
                0x08001468       0x44 ./build/Debug/.obj/Drivers/STM32F1xx_HAL_Driver/Src/stm32f1xx_hal_dma.o
                0x08001468                HAL_DMA_Abort
 .text.HAL_DMA_Abort_IT
                0x080014ac       0x98 ./build/Debug/.obj/Drivers/STM32F1xx_HAL_Driver/Src/stm32f1xx_hal_dma.o
                0x080014ac                HAL_DMA_Abort_IT
 .text.HAL_DMA_IRQHandler
                0x08001544      0x144 ./build/Debug/.obj/Drivers/STM32F1xx_HAL_Driver/Src/stm32f1xx_hal_dma.o
                0x08001544                HAL_DMA_IRQHandler
 .text.HAL_GPIO_Init
                0x08001688      0x214 ./build/Debug/.obj/Drivers/STM32F1xx_HAL_Driver/Src/stm32f1xx_hal_gpio.o
                0x08001688                HAL_GPIO_Init
 .text.HAL_GPIO_WritePin
                0x0800189c        0xc ./build/Debug/.obj/Drivers/STM32F1xx_HAL_Driver/Src/stm32f1xx_hal_gpio.o
                0x0800189c                HAL_GPIO_WritePin
 .text.RCC_Delay
                0x080018a8       0x2c ./build/Debug/.obj/Drivers/STM32F1xx_HAL_Driver/Src/stm32f1xx_hal_rcc.o
 .text.HAL_RCC_OscConfig
                0x080018d4      0x410 ./build/Debug/.obj/Drivers/STM32F1xx_HAL_Driver/Src/stm32f1xx_hal_rcc.o
                0x080018d4                HAL_RCC_OscConfig
 .text.HAL_RCC_GetSysClockFreq
                0x08001ce4       0x54 ./build/Debug/.obj/Drivers/STM32F1xx_HAL_Driver/Src/stm32f1xx_hal_rcc.o
                0x08001ce4                HAL_RCC_GetSysClockFreq
 .text.HAL_RCC_ClockConfig
                0x08001d38      0x16c ./build/Debug/.obj/Drivers/STM32F1xx_HAL_Driver/Src/stm32f1xx_hal_rcc.o
                0x08001d38                HAL_RCC_ClockConfig
 .text.HAL_RCC_GetHCLKFreq
                0x08001ea4        0xc ./build/Debug/.obj/Drivers/STM32F1xx_HAL_Driver/Src/stm32f1xx_hal_rcc.o
                0x08001ea4                HAL_RCC_GetHCLKFreq
 .text.HAL_RCC_GetPCLK1Freq
                0x08001eb0       0x20 ./build/Debug/.obj/Drivers/STM32F1xx_HAL_Driver/Src/stm32f1xx_hal_rcc.o
                0x08001eb0                HAL_RCC_GetPCLK1Freq
 .text.HAL_RCC_GetPCLK2Freq
                0x08001ed0       0x20 ./build/Debug/.obj/Drivers/STM32F1xx_HAL_Driver/Src/stm32f1xx_hal_rcc.o
                0x08001ed0                HAL_RCC_GetPCLK2Freq
 .text.TIM_TI1_ConfigInputStage
                0x08001ef0       0x24 ./build/Debug/.obj/Drivers/STM32F1xx_HAL_Driver/Src/stm32f1xx_hal_tim.o
 .text.TIM_TI2_ConfigInputStage
                0x08001f14       0x26 ./build/Debug/.obj/Drivers/STM32F1xx_HAL_Driver/Src/stm32f1xx_hal_tim.o
 .text.TIM_ITRx_SetConfig
                0x08001f3a       0x10 ./build/Debug/.obj/Drivers/STM32F1xx_HAL_Driver/Src/stm32f1xx_hal_tim.o
 .text.HAL_TIM_OC_DelayElapsedCallback
                0x08001f4a        0x2 ./build/Debug/.obj/Drivers/STM32F1xx_HAL_Driver/Src/stm32f1xx_hal_tim.o
                0x08001f4a                HAL_TIM_OC_DelayElapsedCallback
 .text.HAL_TIM_IC_CaptureCallback
                0x08001f4c        0x2 ./build/Debug/.obj/Drivers/STM32F1xx_HAL_Driver/Src/stm32f1xx_hal_tim.o
                0x08001f4c                HAL_TIM_IC_CaptureCallback
 .text.HAL_TIM_PWM_PulseFinishedCallback
                0x08001f4e        0x2 ./build/Debug/.obj/Drivers/STM32F1xx_HAL_Driver/Src/stm32f1xx_hal_tim.o
                0x08001f4e                HAL_TIM_PWM_PulseFinishedCallback
 .text.HAL_TIM_TriggerCallback
                0x08001f50        0x2 ./build/Debug/.obj/Drivers/STM32F1xx_HAL_Driver/Src/stm32f1xx_hal_tim.o
                0x08001f50                HAL_TIM_TriggerCallback
 .text.HAL_TIM_IRQHandler
                0x08001f52      0x15e ./build/Debug/.obj/Drivers/STM32F1xx_HAL_Driver/Src/stm32f1xx_hal_tim.o
                0x08001f52                HAL_TIM_IRQHandler
 .text.TIM_Base_SetConfig
                0x080020b0       0x84 ./build/Debug/.obj/Drivers/STM32F1xx_HAL_Driver/Src/stm32f1xx_hal_tim.o
                0x080020b0                TIM_Base_SetConfig
 .text.HAL_TIM_Base_Init
                0x08002134       0x58 ./build/Debug/.obj/Drivers/STM32F1xx_HAL_Driver/Src/stm32f1xx_hal_tim.o
                0x08002134                HAL_TIM_Base_Init
 .text.TIM_ETR_SetConfig
                0x0800218c       0x18 ./build/Debug/.obj/Drivers/STM32F1xx_HAL_Driver/Src/stm32f1xx_hal_tim.o
                0x0800218c                TIM_ETR_SetConfig
 .text.HAL_TIM_ConfigClockSource
                0x080021a4       0xfe ./build/Debug/.obj/Drivers/STM32F1xx_HAL_Driver/Src/stm32f1xx_hal_tim.o
                0x080021a4                HAL_TIM_ConfigClockSource
 *fill*         0x080022a2        0x2 
 .text.HAL_TIMEx_MasterConfigSynchronization
                0x080022a4       0x6c ./build/Debug/.obj/Drivers/STM32F1xx_HAL_Driver/Src/stm32f1xx_hal_tim_ex.o
                0x080022a4                HAL_TIMEx_MasterConfigSynchronization
 .text.HAL_TIMEx_CommutCallback
                0x08002310        0x2 ./build/Debug/.obj/Drivers/STM32F1xx_HAL_Driver/Src/stm32f1xx_hal_tim_ex.o
                0x08002310                HAL_TIMEx_CommutCallback
 .text.HAL_TIMEx_BreakCallback
                0x08002312        0x2 ./build/Debug/.obj/Drivers/STM32F1xx_HAL_Driver/Src/stm32f1xx_hal_tim_ex.o
                0x08002312                HAL_TIMEx_BreakCallback
 .text.UART_EndTxTransfer
                0x08002314       0x20 ./build/Debug/.obj/Drivers/STM32F1xx_HAL_Driver/Src/stm32f1xx_hal_uart.o
 .text.UART_EndRxTransfer
                0x08002334       0x5c ./build/Debug/.obj/Drivers/STM32F1xx_HAL_Driver/Src/stm32f1xx_hal_uart.o
 .text.UART_Transmit_IT
                0x08002390       0x5e ./build/Debug/.obj/Drivers/STM32F1xx_HAL_Driver/Src/stm32f1xx_hal_uart.o
 *fill*         0x080023ee        0x2 
 .text.UART_SetConfig
                0x080023f0       0x94 ./build/Debug/.obj/Drivers/STM32F1xx_HAL_Driver/Src/stm32f1xx_hal_uart.o
 .text.HAL_UART_Init
                0x08002484       0x60 ./build/Debug/.obj/Drivers/STM32F1xx_HAL_Driver/Src/stm32f1xx_hal_uart.o
                0x08002484                HAL_UART_Init
 .text.HAL_UART_DMAStop
                0x080024e4       0x80 ./build/Debug/.obj/Drivers/STM32F1xx_HAL_Driver/Src/stm32f1xx_hal_uart.o
                0x080024e4                HAL_UART_DMAStop
 .text.HAL_UART_TxCpltCallback
                0x08002564        0x2 ./build/Debug/.obj/Drivers/STM32F1xx_HAL_Driver/Src/stm32f1xx_hal_uart.o
                0x08002564                HAL_UART_TxCpltCallback
 .text.UART_EndTransmit_IT
                0x08002566       0x1a ./build/Debug/.obj/Drivers/STM32F1xx_HAL_Driver/Src/stm32f1xx_hal_uart.o
 .text.HAL_UART_RxHalfCpltCallback
                0x08002580        0x2 ./build/Debug/.obj/Drivers/STM32F1xx_HAL_Driver/Src/stm32f1xx_hal_uart.o
                0x08002580                HAL_UART_RxHalfCpltCallback
 .text.HAL_UART_ErrorCallback
                0x08002582        0x2 ./build/Debug/.obj/Drivers/STM32F1xx_HAL_Driver/Src/stm32f1xx_hal_uart.o
                0x08002582                HAL_UART_ErrorCallback
 .text.UART_DMAError
                0x08002584       0x54 ./build/Debug/.obj/Drivers/STM32F1xx_HAL_Driver/Src/stm32f1xx_hal_uart.o
 .text.UART_DMAAbortOnError
                0x080025d8       0x10 ./build/Debug/.obj/Drivers/STM32F1xx_HAL_Driver/Src/stm32f1xx_hal_uart.o
 .text.HAL_UARTEx_RxEventCallback
                0x080025e8        0x2 ./build/Debug/.obj/Drivers/STM32F1xx_HAL_Driver/Src/stm32f1xx_hal_uart.o
                0x080025e8                HAL_UARTEx_RxEventCallback
 .text.UART_Receive_IT
                0x080025ea       0xe4 ./build/Debug/.obj/Drivers/STM32F1xx_HAL_Driver/Src/stm32f1xx_hal_uart.o
 *fill*         0x080026ce        0x2 
 .text.HAL_UART_IRQHandler
                0x080026d0      0x284 ./build/Debug/.obj/Drivers/STM32F1xx_HAL_Driver/Src/stm32f1xx_hal_uart.o
                0x080026d0                HAL_UART_IRQHandler
 .text.UART_DMARxHalfCplt
                0x08002954       0x1e ./build/Debug/.obj/Drivers/STM32F1xx_HAL_Driver/Src/stm32f1xx_hal_uart.o
 .text.UART_DMAReceiveCplt
                0x08002972       0x9a ./build/Debug/.obj/Drivers/STM32F1xx_HAL_Driver/Src/stm32f1xx_hal_uart.o
 .text.UART_Start_Receive_DMA
                0x08002a0c       0xa4 ./build/Debug/.obj/Drivers/STM32F1xx_HAL_Driver/Src/stm32f1xx_hal_uart.o
                0x08002a0c                UART_Start_Receive_DMA
 .text.HAL_UART_Receive_DMA
                0x08002ab0       0x24 ./build/Debug/.obj/Drivers/STM32F1xx_HAL_Driver/Src/stm32f1xx_hal_uart.o
                0x08002ab0                HAL_UART_Receive_DMA
 .text.memset   0x08002ad4       0x10 C:/Users/30609/.eide/tools/gcc_arm/bin/../lib/gcc/arm-none-eabi/14.3.1/../../../../arm-none-eabi/lib/thumb/v7-m/nofp\libc_nano.a(libc_a-memset.o)
                0x08002ad4                memset
 .text.__libc_init_array
                0x08002ae4       0x48 C:/Users/30609/.eide/tools/gcc_arm/bin/../lib/gcc/arm-none-eabi/14.3.1/../../../../arm-none-eabi/lib/thumb/v7-m/nofp\libc_nano.a(libc_a-init.o)
                0x08002ae4                __libc_init_array
 *(.glue_7)
 .glue_7        0x08002b2c        0x0 linker stubs
 *(.glue_7t)
 .glue_7t       0x08002b2c        0x0 linker stubs
 *(.eh_frame)
 .eh_frame      0x08002b2c        0x0 C:/Users/30609/.eide/tools/gcc_arm/bin/../lib/gcc/arm-none-eabi/14.3.1/thumb/v7-m/nofp/crtbegin.o
 *(.init)
 .init          0x08002b2c        0x4 C:/Users/30609/.eide/tools/gcc_arm/bin/../lib/gcc/arm-none-eabi/14.3.1/thumb/v7-m/nofp/crti.o
                0x08002b2c                _init
 .init          0x08002b30        0x8 C:/Users/30609/.eide/tools/gcc_arm/bin/../lib/gcc/arm-none-eabi/14.3.1/thumb/v7-m/nofp/crtn.o
 *(.fini)
 .fini          0x08002b38        0x4 C:/Users/30609/.eide/tools/gcc_arm/bin/../lib/gcc/arm-none-eabi/14.3.1/thumb/v7-m/nofp/crti.o
                0x08002b38                _fini
 .fini          0x08002b3c        0x8 C:/Users/30609/.eide/tools/gcc_arm/bin/../lib/gcc/arm-none-eabi/14.3.1/thumb/v7-m/nofp/crtn.o
                0x08002b44                        . = ALIGN (0x4)
                0x08002b44                        _etext = .

.vfp11_veneer   0x08002b44        0x0
 .vfp11_veneer  0x08002b44        0x0 linker stubs

.v4_bx          0x08002b44        0x0
 .v4_bx         0x08002b44        0x0 linker stubs

.iplt           0x08002b44        0x0
 .iplt          0x08002b44        0x0 C:/Users/30609/.eide/tools/gcc_arm/bin/../lib/gcc/arm-none-eabi/14.3.1/thumb/v7-m/nofp/crtbegin.o

.rodata         0x08002b44      0x22c
                0x08002b44                        . = ALIGN (0x4)
 *(.rodata)
 *(.rodata*)
 .rodata.auchCRCLo
                0x08002b44      0x100 ./build/Debug/.obj/Core/JC_Gimbal/JC.o
 .rodata.auchCRCHi
                0x08002c44      0x100 ./build/Debug/.obj/Core/JC_Gimbal/JC.o
 .rodata.APBPrescTable
                0x08002d44        0x8 ./build/Debug/.obj/Core/Src/system_stm32f1xx.o
                0x08002d44                APBPrescTable
 .rodata.AHBPrescTable
                0x08002d4c       0x10 ./build/Debug/.obj/Core/Src/system_stm32f1xx.o
                0x08002d4c                AHBPrescTable
 .rodata.aPredivFactorTable.0
                0x08002d5c        0x2 ./build/Debug/.obj/Drivers/STM32F1xx_HAL_Driver/Src/stm32f1xx_hal_rcc.o
 *fill*         0x08002d5e        0x2 
 .rodata.aPLLMULFactorTable.1
                0x08002d60       0x10 ./build/Debug/.obj/Drivers/STM32F1xx_HAL_Driver/Src/stm32f1xx_hal_rcc.o
                0x08002d70                        . = ALIGN (0x4)

.ARM.extab      0x08002d70        0x0
                0x08002d70                        . = ALIGN (0x4)
 *(.ARM.extab* .gnu.linkonce.armextab.*)
                0x08002d70                        . = ALIGN (0x4)

.ARM            0x08002d70        0x0
                0x08002d70                        . = ALIGN (0x4)
                0x08002d70                        __exidx_start = .
 *(.ARM.exidx*)
                0x08002d70                        __exidx_end = .
                0x08002d70                        . = ALIGN (0x4)

.preinit_array  0x08002d70        0x0
                0x08002d70                        . = ALIGN (0x4)
                0x08002d70                        PROVIDE (__preinit_array_start = .)
 *(.preinit_array*)
                0x08002d70                        PROVIDE (__preinit_array_end = .)
                0x08002d70                        . = ALIGN (0x4)

.init_array     0x08002d70        0x4
                0x08002d70                        . = ALIGN (0x4)
                0x08002d70                        PROVIDE (__init_array_start = .)
 *(SORT_BY_NAME(.init_array.*))
 *(.init_array*)
 .init_array    0x08002d70        0x4 C:/Users/30609/.eide/tools/gcc_arm/bin/../lib/gcc/arm-none-eabi/14.3.1/thumb/v7-m/nofp/crtbegin.o
                0x08002d74                        PROVIDE (__init_array_end = .)
                0x08002d74                        . = ALIGN (0x4)

.fini_array     0x08002d74        0x4
                0x08002d74                        . = ALIGN (0x4)
                [!provide]                        PROVIDE (__fini_array_start = .)
 *(SORT_BY_NAME(.fini_array.*))
 *(.fini_array*)
 .fini_array    0x08002d74        0x4 C:/Users/30609/.eide/tools/gcc_arm/bin/../lib/gcc/arm-none-eabi/14.3.1/thumb/v7-m/nofp/crtbegin.o
                [!provide]                        PROVIDE (__fini_array_end = .)
                0x08002d78                        . = ALIGN (0x4)
                0x08002d78                        _sidata = LOADADDR (.data)

.rel.dyn        0x08002d78        0x0
 .rel.iplt      0x08002d78        0x0 C:/Users/30609/.eide/tools/gcc_arm/bin/../lib/gcc/arm-none-eabi/14.3.1/thumb/v7-m/nofp/crtbegin.o

.data           0x20000000        0xc load address 0x08002d78
                0x20000000                        . = ALIGN (0x4)
                0x20000000                        _sdata = .
 *(.data)
 *(.data*)
 .data.SystemCoreClock
                0x20000000        0x4 ./build/Debug/.obj/Core/Src/system_stm32f1xx.o
                0x20000000                SystemCoreClock
 .data.uwTickFreq
                0x20000004        0x1 ./build/Debug/.obj/Drivers/STM32F1xx_HAL_Driver/Src/stm32f1xx_hal.o
                0x20000004                uwTickFreq
 *fill*         0x20000005        0x3 
 .data.uwTickPrio
                0x20000008        0x4 ./build/Debug/.obj/Drivers/STM32F1xx_HAL_Driver/Src/stm32f1xx_hal.o
                0x20000008                uwTickPrio
 *(.RamFunc)
 *(.RamFunc*)
                0x2000000c                        . = ALIGN (0x4)
                0x2000000c                        _edata = .

.tm_clone_table
                0x2000000c        0x0 load address 0x08002d84
 .tm_clone_table
                0x2000000c        0x0 C:/Users/30609/.eide/tools/gcc_arm/bin/../lib/gcc/arm-none-eabi/14.3.1/thumb/v7-m/nofp/crtbegin.o
 .tm_clone_table
                0x2000000c        0x0 C:/Users/30609/.eide/tools/gcc_arm/bin/../lib/gcc/arm-none-eabi/14.3.1/thumb/v7-m/nofp/crtend.o

.igot.plt       0x2000000c        0x0 load address 0x08002d84
 .igot.plt      0x2000000c        0x0 C:/Users/30609/.eide/tools/gcc_arm/bin/../lib/gcc/arm-none-eabi/14.3.1/thumb/v7-m/nofp/crtbegin.o
                0x2000000c                        . = ALIGN (0x4)

.bss            0x2000000c      0x274 load address 0x08002d84
                0x2000000c                        _sbss = .
                0x2000000c                        __bss_start__ = _sbss
 *(.bss)
 *(.bss*)
 .bss.completed.1
                0x2000000c        0x1 C:/Users/30609/.eide/tools/gcc_arm/bin/../lib/gcc/arm-none-eabi/14.3.1/thumb/v7-m/nofp/crtbegin.o
 *fill*         0x2000000d        0x3 
 .bss.object.0  0x20000010       0x18 C:/Users/30609/.eide/tools/gcc_arm/bin/../lib/gcc/arm-none-eabi/14.3.1/thumb/v7-m/nofp/crtbegin.o
 .bss.target_pitch_deg
                0x20000028        0x4 ./build/Debug/.obj/Core/JC_Gimbal/GImbal_track.o
                0x20000028                target_pitch_deg
 .bss.target_yaw_deg
                0x2000002c        0x4 ./build/Debug/.obj/Core/JC_Gimbal/GImbal_track.o
                0x2000002c                target_yaw_deg
 .bss.pid_pitch
                0x20000030       0x20 ./build/Debug/.obj/Core/JC_Gimbal/GImbal_track.o
                0x20000030                pid_pitch
 .bss.pid_yaw   0x20000050       0x20 ./build/Debug/.obj/Core/JC_Gimbal/GImbal_track.o
                0x20000050                pid_yaw
 .bss.frame_buffer
                0x20000070        0x9 ./build/Debug/.obj/Core/Message/vision.o
 *fill*         0x20000079        0x3 
 .bss.dma_rx_buffer
                0x2000007c        0x9 ./build/Debug/.obj/Core/Message/vision.o
 .bss.rx_state  0x20000085        0x1 ./build/Debug/.obj/Core/Message/vision.o
                0x20000085                rx_state
 .bss.new_frame_received
                0x20000086        0x1 ./build/Debug/.obj/Core/Message/vision.o
                0x20000086                new_frame_received
 *fill*         0x20000087        0x1 
 .bss.vision_data
                0x20000088        0x6 ./build/Debug/.obj/Core/Message/vision.o
                0x20000088                vision_data
 *fill*         0x2000008e        0x2 
 .bss.htim1     0x20000090       0x48 ./build/Debug/.obj/Core/Src/tim.o
                0x20000090                htim1
 .bss.hdma_usart3_rx
                0x200000d8       0x44 ./build/Debug/.obj/Core/Src/usart.o
                0x200000d8                hdma_usart3_rx
 .bss.hdma_usart2_rx
                0x2000011c       0x44 ./build/Debug/.obj/Core/Src/usart.o
                0x2000011c                hdma_usart2_rx
 .bss.hdma_usart1_rx
                0x20000160       0x44 ./build/Debug/.obj/Core/Src/usart.o
                0x20000160                hdma_usart1_rx
 .bss.huart3    0x200001a4       0x48 ./build/Debug/.obj/Core/Src/usart.o
                0x200001a4                huart3
 .bss.huart2    0x200001ec       0x48 ./build/Debug/.obj/Core/Src/usart.o
                0x200001ec                huart2
 .bss.huart1    0x20000234       0x48 ./build/Debug/.obj/Core/Src/usart.o
                0x20000234                huart1
 .bss.uwTick    0x2000027c        0x4 ./build/Debug/.obj/Drivers/STM32F1xx_HAL_Driver/Src/stm32f1xx_hal.o
                0x2000027c                uwTick
 *(COMMON)
                0x20000280                        . = ALIGN (0x4)
                0x20000280                        _ebss = .
                0x20000280                        __bss_end__ = _ebss

._user_heap_stack
                0x20000280      0x600 load address 0x08002d84
                0x20000280                        . = ALIGN (0x8)
                [!provide]                        PROVIDE (end = .)
                0x20000280                        PROVIDE (_end = .)
                0x20000480                        . = (. + _Min_Heap_Size)
 *fill*         0x20000280      0x200 
                0x20000880                        . = (. + _Min_Stack_Size)
 *fill*         0x20000480      0x400 
                0x20000880                        . = ALIGN (0x8)

/DISCARD/
 libc.a(*)
 libm.a(*)
 libgcc.a(*)

.ARM.attributes
                0x00000000       0x29
 *(.ARM.attributes)
 .ARM.attributes
                0x00000000       0x1d C:/Users/30609/.eide/tools/gcc_arm/bin/../lib/gcc/arm-none-eabi/14.3.1/thumb/v7-m/nofp/crti.o
 .ARM.attributes
                0x0000001d       0x2d C:/Users/30609/.eide/tools/gcc_arm/bin/../lib/gcc/arm-none-eabi/14.3.1/thumb/v7-m/nofp/crtbegin.o
 .ARM.attributes
                0x0000004a       0x2d ./build/Debug/.obj/Core/JC_Gimbal/GImbal_track.o
 .ARM.attributes
                0x00000077       0x2d ./build/Debug/.obj/Core/JC_Gimbal/JC.o
 .ARM.attributes
                0x000000a4       0x2d ./build/Debug/.obj/Core/Message/uart.o
 .ARM.attributes
                0x000000d1       0x2d ./build/Debug/.obj/Core/Message/vision.o
 .ARM.attributes
                0x000000fe       0x2d ./build/Debug/.obj/Core/Src/dma.o
 .ARM.attributes
                0x0000012b       0x2d ./build/Debug/.obj/Core/Src/gpio.o
 .ARM.attributes
                0x00000158       0x2d ./build/Debug/.obj/Core/Src/main.o
 .ARM.attributes
                0x00000185       0x2d ./build/Debug/.obj/Core/Src/stm32f1xx_hal_msp.o
 .ARM.attributes
                0x000001b2       0x2d ./build/Debug/.obj/Core/Src/stm32f1xx_it.o
 .ARM.attributes
                0x000001df       0x2d ./build/Debug/.obj/Core/Src/system_stm32f1xx.o
 .ARM.attributes
                0x0000020c       0x2d ./build/Debug/.obj/Core/Src/tim.o
 .ARM.attributes
                0x00000239       0x2d ./build/Debug/.obj/Core/Src/usart.o
 .ARM.attributes
                0x00000266       0x21 ./build/Debug/.obj/Core/Startup/startup_stm32f103c8tx.o
 .ARM.attributes
                0x00000287       0x2d ./build/Debug/.obj/Drivers/STM32F1xx_HAL_Driver/Src/stm32f1xx_hal.o
 .ARM.attributes
                0x000002b4       0x2d ./build/Debug/.obj/Drivers/STM32F1xx_HAL_Driver/Src/stm32f1xx_hal_cortex.o
 .ARM.attributes
                0x000002e1       0x2d ./build/Debug/.obj/Drivers/STM32F1xx_HAL_Driver/Src/stm32f1xx_hal_dma.o
 .ARM.attributes
                0x0000030e       0x2d ./build/Debug/.obj/Drivers/STM32F1xx_HAL_Driver/Src/stm32f1xx_hal_gpio.o
 .ARM.attributes
                0x0000033b       0x2d ./build/Debug/.obj/Drivers/STM32F1xx_HAL_Driver/Src/stm32f1xx_hal_rcc.o
 .ARM.attributes
                0x00000368       0x2d ./build/Debug/.obj/Drivers/STM32F1xx_HAL_Driver/Src/stm32f1xx_hal_tim.o
 .ARM.attributes
                0x00000395       0x2d ./build/Debug/.obj/Drivers/STM32F1xx_HAL_Driver/Src/stm32f1xx_hal_tim_ex.o
 .ARM.attributes
                0x000003c2       0x2d ./build/Debug/.obj/Drivers/STM32F1xx_HAL_Driver/Src/stm32f1xx_hal_uart.o
 .ARM.attributes
                0x000003ef       0x1d C:/Users/30609/.eide/tools/gcc_arm/bin/../lib/gcc/arm-none-eabi/14.3.1/thumb/v7-m/nofp\libgcc.a(_arm_mulsf3.o)
 .ARM.attributes
                0x0000040c       0x1d C:/Users/30609/.eide/tools/gcc_arm/bin/../lib/gcc/arm-none-eabi/14.3.1/thumb/v7-m/nofp\libgcc.a(_arm_addsubsf3.o)
 .ARM.attributes
                0x00000429       0x1d C:/Users/30609/.eide/tools/gcc_arm/bin/../lib/gcc/arm-none-eabi/14.3.1/thumb/v7-m/nofp\libgcc.a(_arm_cmpsf2.o)
 .ARM.attributes
                0x00000446       0x1d C:/Users/30609/.eide/tools/gcc_arm/bin/../lib/gcc/arm-none-eabi/14.3.1/thumb/v7-m/nofp\libgcc.a(_arm_fixsfsi.o)
 .ARM.attributes
                0x00000463       0x2d C:/Users/30609/.eide/tools/gcc_arm/bin/../lib/gcc/arm-none-eabi/14.3.1/../../../../arm-none-eabi/lib/thumb/v7-m/nofp\libc_nano.a(libc_a-memset.o)
 .ARM.attributes
                0x00000490       0x2d C:/Users/30609/.eide/tools/gcc_arm/bin/../lib/gcc/arm-none-eabi/14.3.1/../../../../arm-none-eabi/lib/thumb/v7-m/nofp\libc_nano.a(libc_a-init.o)
 .ARM.attributes
                0x000004bd       0x2d C:/Users/30609/.eide/tools/gcc_arm/bin/../lib/gcc/arm-none-eabi/14.3.1/thumb/v7-m/nofp/crtend.o
 .ARM.attributes
                0x000004ea       0x1d C:/Users/30609/.eide/tools/gcc_arm/bin/../lib/gcc/arm-none-eabi/14.3.1/thumb/v7-m/nofp/crtn.o
OUTPUT(./build/Debug/TI_classis.elf elf32-littlearm)
LOAD linker stubs
LOAD C:/Users/30609/.eide/tools/gcc_arm/bin/../lib/gcc/arm-none-eabi/14.3.1/../../../../arm-none-eabi/lib/thumb/v7-m/nofp\libc.a
LOAD C:/Users/30609/.eide/tools/gcc_arm/bin/../lib/gcc/arm-none-eabi/14.3.1/../../../../arm-none-eabi/lib/thumb/v7-m/nofp\libm.a
LOAD C:/Users/30609/.eide/tools/gcc_arm/bin/../lib/gcc/arm-none-eabi/14.3.1/thumb/v7-m/nofp\libgcc.a

.debug_info     0x00000000    0x11692
 .debug_info    0x00000000      0x48c ./build/Debug/.obj/Core/JC_Gimbal/GImbal_track.o
 .debug_info    0x0000048c      0x807 ./build/Debug/.obj/Core/JC_Gimbal/JC.o
 .debug_info    0x00000c93      0x966 ./build/Debug/.obj/Core/Message/uart.o
 .debug_info    0x000015f9      0x842 ./build/Debug/.obj/Core/Message/vision.o
 .debug_info    0x00001e3b      0x35b ./build/Debug/.obj/Core/Src/dma.o
 .debug_info    0x00002196      0x37a ./build/Debug/.obj/Core/Src/gpio.o
 .debug_info    0x00002510      0x90c ./build/Debug/.obj/Core/Src/main.o
 .debug_info    0x00002e1c      0x1f4 ./build/Debug/.obj/Core/Src/stm32f1xx_hal_msp.o
 .debug_info    0x00003010      0xa54 ./build/Debug/.obj/Core/Src/stm32f1xx_it.o
 .debug_info    0x00003a64      0x22d ./build/Debug/.obj/Core/Src/system_stm32f1xx.o
 .debug_info    0x00003c91      0xa6c ./build/Debug/.obj/Core/Src/tim.o
 .debug_info    0x000046fd      0xcfb ./build/Debug/.obj/Core/Src/usart.o
 .debug_info    0x000053f8       0x30 ./build/Debug/.obj/Core/Startup/startup_stm32f103c8tx.o
 .debug_info    0x00005428      0x7a2 ./build/Debug/.obj/Drivers/STM32F1xx_HAL_Driver/Src/stm32f1xx_hal.o
 .debug_info    0x00005bca      0xcd9 ./build/Debug/.obj/Drivers/STM32F1xx_HAL_Driver/Src/stm32f1xx_hal_cortex.o
 .debug_info    0x000068a3      0x7f2 ./build/Debug/.obj/Drivers/STM32F1xx_HAL_Driver/Src/stm32f1xx_hal_dma.o
 .debug_info    0x00007095      0x604 ./build/Debug/.obj/Drivers/STM32F1xx_HAL_Driver/Src/stm32f1xx_hal_gpio.o
 .debug_info    0x00007699      0x9c7 ./build/Debug/.obj/Drivers/STM32F1xx_HAL_Driver/Src/stm32f1xx_hal_rcc.o
 .debug_info    0x00008060     0x3c0f ./build/Debug/.obj/Drivers/STM32F1xx_HAL_Driver/Src/stm32f1xx_hal_tim.o
 .debug_info    0x0000bc6f     0x1a9e ./build/Debug/.obj/Drivers/STM32F1xx_HAL_Driver/Src/stm32f1xx_hal_tim_ex.o
 .debug_info    0x0000d70d     0x3f85 ./build/Debug/.obj/Drivers/STM32F1xx_HAL_Driver/Src/stm32f1xx_hal_uart.o

.debug_abbrev   0x00000000     0x296a
 .debug_abbrev  0x00000000      0x194 ./build/Debug/.obj/Core/JC_Gimbal/GImbal_track.o
 .debug_abbrev  0x00000194      0x1ab ./build/Debug/.obj/Core/JC_Gimbal/JC.o
 .debug_abbrev  0x0000033f      0x248 ./build/Debug/.obj/Core/Message/uart.o
 .debug_abbrev  0x00000587      0x22c ./build/Debug/.obj/Core/Message/vision.o
 .debug_abbrev  0x000007b3      0x119 ./build/Debug/.obj/Core/Src/dma.o
 .debug_abbrev  0x000008cc      0x151 ./build/Debug/.obj/Core/Src/gpio.o
 .debug_abbrev  0x00000a1d      0x227 ./build/Debug/.obj/Core/Src/main.o
 .debug_abbrev  0x00000c44       0xed ./build/Debug/.obj/Core/Src/stm32f1xx_hal_msp.o
 .debug_abbrev  0x00000d31      0x1c1 ./build/Debug/.obj/Core/Src/stm32f1xx_it.o
 .debug_abbrev  0x00000ef2      0x143 ./build/Debug/.obj/Core/Src/system_stm32f1xx.o
 .debug_abbrev  0x00001035      0x237 ./build/Debug/.obj/Core/Src/tim.o
 .debug_abbrev  0x0000126c      0x26b ./build/Debug/.obj/Core/Src/usart.o
 .debug_abbrev  0x000014d7       0x24 ./build/Debug/.obj/Core/Startup/startup_stm32f103c8tx.o
 .debug_abbrev  0x000014fb      0x22d ./build/Debug/.obj/Drivers/STM32F1xx_HAL_Driver/Src/stm32f1xx_hal.o
 .debug_abbrev  0x00001728      0x36d ./build/Debug/.obj/Drivers/STM32F1xx_HAL_Driver/Src/stm32f1xx_hal_cortex.o
 .debug_abbrev  0x00001a95      0x244 ./build/Debug/.obj/Drivers/STM32F1xx_HAL_Driver/Src/stm32f1xx_hal_dma.o
 .debug_abbrev  0x00001cd9      0x1f7 ./build/Debug/.obj/Drivers/STM32F1xx_HAL_Driver/Src/stm32f1xx_hal_gpio.o
 .debug_abbrev  0x00001ed0      0x2a0 ./build/Debug/.obj/Drivers/STM32F1xx_HAL_Driver/Src/stm32f1xx_hal_rcc.o
 .debug_abbrev  0x00002170      0x270 ./build/Debug/.obj/Drivers/STM32F1xx_HAL_Driver/Src/stm32f1xx_hal_tim.o
 .debug_abbrev  0x000023e0      0x26e ./build/Debug/.obj/Drivers/STM32F1xx_HAL_Driver/Src/stm32f1xx_hal_tim_ex.o
 .debug_abbrev  0x0000264e      0x31c ./build/Debug/.obj/Drivers/STM32F1xx_HAL_Driver/Src/stm32f1xx_hal_uart.o

.debug_loclists
                0x00000000     0x9329
 .debug_loclists
                0x00000000       0xce ./build/Debug/.obj/Core/JC_Gimbal/GImbal_track.o
 .debug_loclists
                0x000000ce      0x22f ./build/Debug/.obj/Core/JC_Gimbal/JC.o
 .debug_loclists
                0x000002fd      0x209 ./build/Debug/.obj/Core/Message/uart.o
 .debug_loclists
                0x00000506      0x103 ./build/Debug/.obj/Core/Message/vision.o
 .debug_loclists
                0x00000609       0x40 ./build/Debug/.obj/Core/Src/main.o
 .debug_loclists
                0x00000649       0x17 ./build/Debug/.obj/Core/Src/stm32f1xx_hal_msp.o
 .debug_loclists
                0x00000660       0xb7 ./build/Debug/.obj/Core/Src/system_stm32f1xx.o
 .debug_loclists
                0x00000717       0x5d ./build/Debug/.obj/Core/Src/tim.o
 .debug_loclists
                0x00000774       0x92 ./build/Debug/.obj/Core/Src/usart.o
 .debug_loclists
                0x00000806       0xe1 ./build/Debug/.obj/Drivers/STM32F1xx_HAL_Driver/Src/stm32f1xx_hal.o
 .debug_loclists
                0x000008e7      0x530 ./build/Debug/.obj/Drivers/STM32F1xx_HAL_Driver/Src/stm32f1xx_hal_cortex.o
 .debug_loclists
                0x00000e17      0x562 ./build/Debug/.obj/Drivers/STM32F1xx_HAL_Driver/Src/stm32f1xx_hal_dma.o
 .debug_loclists
                0x00001379      0x300 ./build/Debug/.obj/Drivers/STM32F1xx_HAL_Driver/Src/stm32f1xx_hal_gpio.o
 .debug_loclists
                0x00001679      0x42e ./build/Debug/.obj/Drivers/STM32F1xx_HAL_Driver/Src/stm32f1xx_hal_rcc.o
 .debug_loclists
                0x00001aa7     0x37f3 ./build/Debug/.obj/Drivers/STM32F1xx_HAL_Driver/Src/stm32f1xx_hal_tim.o
 .debug_loclists
                0x0000529a     0x13b3 ./build/Debug/.obj/Drivers/STM32F1xx_HAL_Driver/Src/stm32f1xx_hal_tim_ex.o
 .debug_loclists
                0x0000664d     0x2cdc ./build/Debug/.obj/Drivers/STM32F1xx_HAL_Driver/Src/stm32f1xx_hal_uart.o

.debug_aranges  0x00000000      0xdb8
 .debug_aranges
                0x00000000       0x30 ./build/Debug/.obj/Core/JC_Gimbal/GImbal_track.o
 .debug_aranges
                0x00000030       0x90 ./build/Debug/.obj/Core/JC_Gimbal/JC.o
 .debug_aranges
                0x000000c0       0x70 ./build/Debug/.obj/Core/Message/uart.o
 .debug_aranges
                0x00000130       0x50 ./build/Debug/.obj/Core/Message/vision.o
 .debug_aranges
                0x00000180       0x20 ./build/Debug/.obj/Core/Src/dma.o
 .debug_aranges
                0x000001a0       0x20 ./build/Debug/.obj/Core/Src/gpio.o
 .debug_aranges
                0x000001c0       0x38 ./build/Debug/.obj/Core/Src/main.o
 .debug_aranges
                0x000001f8       0x20 ./build/Debug/.obj/Core/Src/stm32f1xx_hal_msp.o
 .debug_aranges
                0x00000218       0x98 ./build/Debug/.obj/Core/Src/stm32f1xx_it.o
 .debug_aranges
                0x000002b0       0x28 ./build/Debug/.obj/Core/Src/system_stm32f1xx.o
 .debug_aranges
                0x000002d8       0x30 ./build/Debug/.obj/Core/Src/tim.o
 .debug_aranges
                0x00000308       0x40 ./build/Debug/.obj/Core/Src/usart.o
 .debug_aranges
                0x00000348       0x28 ./build/Debug/.obj/Core/Startup/startup_stm32f103c8tx.o
 .debug_aranges
                0x00000370       0xe0 ./build/Debug/.obj/Drivers/STM32F1xx_HAL_Driver/Src/stm32f1xx_hal.o
 .debug_aranges
                0x00000450       0xc0 ./build/Debug/.obj/Drivers/STM32F1xx_HAL_Driver/Src/stm32f1xx_hal_cortex.o
 .debug_aranges
                0x00000510       0x80 ./build/Debug/.obj/Drivers/STM32F1xx_HAL_Driver/Src/stm32f1xx_hal_dma.o
 .debug_aranges
                0x00000590       0x58 ./build/Debug/.obj/Drivers/STM32F1xx_HAL_Driver/Src/stm32f1xx_hal_gpio.o
 .debug_aranges
                0x000005e8       0x90 ./build/Debug/.obj/Drivers/STM32F1xx_HAL_Driver/Src/stm32f1xx_hal_rcc.o
 .debug_aranges
                0x00000678      0x3d0 ./build/Debug/.obj/Drivers/STM32F1xx_HAL_Driver/Src/stm32f1xx_hal_tim.o
 .debug_aranges
                0x00000a48      0x168 ./build/Debug/.obj/Drivers/STM32F1xx_HAL_Driver/Src/stm32f1xx_hal_tim_ex.o
 .debug_aranges
                0x00000bb0      0x208 ./build/Debug/.obj/Drivers/STM32F1xx_HAL_Driver/Src/stm32f1xx_hal_uart.o

.debug_rnglists
                0x00000000      0xa67
 .debug_rnglists
                0x00000000       0x21 ./build/Debug/.obj/Core/JC_Gimbal/GImbal_track.o
 .debug_rnglists
                0x00000021       0x67 ./build/Debug/.obj/Core/JC_Gimbal/JC.o
 .debug_rnglists
                0x00000088       0x4f ./build/Debug/.obj/Core/Message/uart.o
 .debug_rnglists
                0x000000d7       0x43 ./build/Debug/.obj/Core/Message/vision.o
 .debug_rnglists
                0x0000011a       0x13 ./build/Debug/.obj/Core/Src/dma.o
 .debug_rnglists
                0x0000012d       0x14 ./build/Debug/.obj/Core/Src/gpio.o
 .debug_rnglists
                0x00000141       0x25 ./build/Debug/.obj/Core/Src/main.o
 .debug_rnglists
                0x00000166       0x13 ./build/Debug/.obj/Core/Src/stm32f1xx_hal_msp.o
 .debug_rnglists
                0x00000179       0x6d ./build/Debug/.obj/Core/Src/stm32f1xx_it.o
 .debug_rnglists
                0x000001e6       0x1a ./build/Debug/.obj/Core/Src/system_stm32f1xx.o
 .debug_rnglists
                0x00000200       0x1f ./build/Debug/.obj/Core/Src/tim.o
 .debug_rnglists
                0x0000021f       0x2d ./build/Debug/.obj/Core/Src/usart.o
 .debug_rnglists
                0x0000024c       0x19 ./build/Debug/.obj/Core/Startup/startup_stm32f103c8tx.o
 .debug_rnglists
                0x00000265       0xa3 ./build/Debug/.obj/Drivers/STM32F1xx_HAL_Driver/Src/stm32f1xx_hal.o
 .debug_rnglists
                0x00000308       0x8b ./build/Debug/.obj/Drivers/STM32F1xx_HAL_Driver/Src/stm32f1xx_hal_cortex.o
 .debug_rnglists
                0x00000393       0x5e ./build/Debug/.obj/Drivers/STM32F1xx_HAL_Driver/Src/stm32f1xx_hal_dma.o
 .debug_rnglists
                0x000003f1       0x3f ./build/Debug/.obj/Drivers/STM32F1xx_HAL_Driver/Src/stm32f1xx_hal_gpio.o
 .debug_rnglists
                0x00000430       0x7d ./build/Debug/.obj/Drivers/STM32F1xx_HAL_Driver/Src/stm32f1xx_hal_rcc.o
 .debug_rnglists
                0x000004ad      0x2ff ./build/Debug/.obj/Drivers/STM32F1xx_HAL_Driver/Src/stm32f1xx_hal_tim.o
 .debug_rnglists
                0x000007ac      0x11a ./build/Debug/.obj/Drivers/STM32F1xx_HAL_Driver/Src/stm32f1xx_hal_tim_ex.o
 .debug_rnglists
                0x000008c6      0x1a1 ./build/Debug/.obj/Drivers/STM32F1xx_HAL_Driver/Src/stm32f1xx_hal_uart.o

.debug_line     0x00000000     0xe291
 .debug_line    0x00000000      0x35b ./build/Debug/.obj/Core/JC_Gimbal/GImbal_track.o
 .debug_line    0x0000035b      0x79d ./build/Debug/.obj/Core/JC_Gimbal/JC.o
 .debug_line    0x00000af8      0x4ca ./build/Debug/.obj/Core/Message/uart.o
 .debug_line    0x00000fc2      0x37f ./build/Debug/.obj/Core/Message/vision.o
 .debug_line    0x00001341      0x169 ./build/Debug/.obj/Core/Src/dma.o
 .debug_line    0x000014aa      0x205 ./build/Debug/.obj/Core/Src/gpio.o
 .debug_line    0x000016af      0x34e ./build/Debug/.obj/Core/Src/main.o
 .debug_line    0x000019fd      0x142 ./build/Debug/.obj/Core/Src/stm32f1xx_hal_msp.o
 .debug_line    0x00001b3f      0x325 ./build/Debug/.obj/Core/Src/stm32f1xx_it.o
 .debug_line    0x00001e64      0x20b ./build/Debug/.obj/Core/Src/system_stm32f1xx.o
 .debug_line    0x0000206f      0x2ce ./build/Debug/.obj/Core/Src/tim.o
 .debug_line    0x0000233d      0x58e ./build/Debug/.obj/Core/Src/usart.o
 .debug_line    0x000028cb       0x78 ./build/Debug/.obj/Core/Startup/startup_stm32f103c8tx.o
 .debug_line    0x00002943      0x4f4 ./build/Debug/.obj/Drivers/STM32F1xx_HAL_Driver/Src/stm32f1xx_hal.o
 .debug_line    0x00002e37      0x66d ./build/Debug/.obj/Drivers/STM32F1xx_HAL_Driver/Src/stm32f1xx_hal_cortex.o
 .debug_line    0x000034a4      0xaa4 ./build/Debug/.obj/Drivers/STM32F1xx_HAL_Driver/Src/stm32f1xx_hal_dma.o
 .debug_line    0x00003f48      0x58f ./build/Debug/.obj/Drivers/STM32F1xx_HAL_Driver/Src/stm32f1xx_hal_gpio.o
 .debug_line    0x000044d7      0xc76 ./build/Debug/.obj/Drivers/STM32F1xx_HAL_Driver/Src/stm32f1xx_hal_rcc.o
 .debug_line    0x0000514d     0x44ee ./build/Debug/.obj/Drivers/STM32F1xx_HAL_Driver/Src/stm32f1xx_hal_tim.o
 .debug_line    0x0000963b     0x18f6 ./build/Debug/.obj/Drivers/STM32F1xx_HAL_Driver/Src/stm32f1xx_hal_tim_ex.o
 .debug_line    0x0000af31     0x3360 ./build/Debug/.obj/Drivers/STM32F1xx_HAL_Driver/Src/stm32f1xx_hal_uart.o

.debug_str      0x00000000     0x3c71
 .debug_str     0x00000000     0x3c71 ./build/Debug/.obj/Core/JC_Gimbal/GImbal_track.o
                                0x364 (size before relaxing)
 .debug_str     0x00003c71      0x362 ./build/Debug/.obj/Core/JC_Gimbal/JC.o
 .debug_str     0x00003c71      0x688 ./build/Debug/.obj/Core/Message/uart.o
 .debug_str     0x00003c71      0x74d ./build/Debug/.obj/Core/Message/vision.o
 .debug_str     0x00003c71      0x4d0 ./build/Debug/.obj/Core/Src/dma.o
 .debug_str     0x00003c71      0x271 ./build/Debug/.obj/Core/Src/gpio.o
 .debug_str     0x00003c71      0x8a1 ./build/Debug/.obj/Core/Src/main.o
 .debug_str     0x00003c71      0x205 ./build/Debug/.obj/Core/Src/stm32f1xx_hal_msp.o
 .debug_str     0x00003c71      0xa09 ./build/Debug/.obj/Core/Src/stm32f1xx_it.o
 .debug_str     0x00003c71      0x23a ./build/Debug/.obj/Core/Src/system_stm32f1xx.o
 .debug_str     0x00003c71      0xb1b ./build/Debug/.obj/Core/Src/tim.o
 .debug_str     0x00003c71      0xa52 ./build/Debug/.obj/Core/Src/usart.o
 .debug_str     0x00003c71       0x71 ./build/Debug/.obj/Core/Startup/startup_stm32f103c8tx.o
 .debug_str     0x00003c71      0x814 ./build/Debug/.obj/Drivers/STM32F1xx_HAL_Driver/Src/stm32f1xx_hal.o
 .debug_str     0x00003c71      0x8b9 ./build/Debug/.obj/Drivers/STM32F1xx_HAL_Driver/Src/stm32f1xx_hal_cortex.o
 .debug_str     0x00003c71      0x5e3 ./build/Debug/.obj/Drivers/STM32F1xx_HAL_Driver/Src/stm32f1xx_hal_dma.o
 .debug_str     0x00003c71      0x3e6 ./build/Debug/.obj/Drivers/STM32F1xx_HAL_Driver/Src/stm32f1xx_hal_gpio.o
 .debug_str     0x00003c71      0x611 ./build/Debug/.obj/Drivers/STM32F1xx_HAL_Driver/Src/stm32f1xx_hal_rcc.o
 .debug_str     0x00003c71     0x166b ./build/Debug/.obj/Drivers/STM32F1xx_HAL_Driver/Src/stm32f1xx_hal_tim.o
 .debug_str     0x00003c71      0xe77 ./build/Debug/.obj/Drivers/STM32F1xx_HAL_Driver/Src/stm32f1xx_hal_tim_ex.o
 .debug_str     0x00003c71      0xcda ./build/Debug/.obj/Drivers/STM32F1xx_HAL_Driver/Src/stm32f1xx_hal_uart.o

.comment        0x00000000       0x46
 .comment       0x00000000       0x46 ./build/Debug/.obj/Core/JC_Gimbal/GImbal_track.o
                                 0x47 (size before relaxing)
 .comment       0x00000046       0x47 ./build/Debug/.obj/Core/JC_Gimbal/JC.o
 .comment       0x00000046       0x47 ./build/Debug/.obj/Core/Message/uart.o
 .comment       0x00000046       0x47 ./build/Debug/.obj/Core/Message/vision.o
 .comment       0x00000046       0x47 ./build/Debug/.obj/Core/Src/dma.o
 .comment       0x00000046       0x47 ./build/Debug/.obj/Core/Src/gpio.o
 .comment       0x00000046       0x47 ./build/Debug/.obj/Core/Src/main.o
 .comment       0x00000046       0x47 ./build/Debug/.obj/Core/Src/stm32f1xx_hal_msp.o
 .comment       0x00000046       0x47 ./build/Debug/.obj/Core/Src/stm32f1xx_it.o
 .comment       0x00000046       0x47 ./build/Debug/.obj/Core/Src/system_stm32f1xx.o
 .comment       0x00000046       0x47 ./build/Debug/.obj/Core/Src/tim.o
 .comment       0x00000046       0x47 ./build/Debug/.obj/Core/Src/usart.o
 .comment       0x00000046       0x47 ./build/Debug/.obj/Drivers/STM32F1xx_HAL_Driver/Src/stm32f1xx_hal.o
 .comment       0x00000046       0x47 ./build/Debug/.obj/Drivers/STM32F1xx_HAL_Driver/Src/stm32f1xx_hal_cortex.o
 .comment       0x00000046       0x47 ./build/Debug/.obj/Drivers/STM32F1xx_HAL_Driver/Src/stm32f1xx_hal_dma.o
 .comment       0x00000046       0x47 ./build/Debug/.obj/Drivers/STM32F1xx_HAL_Driver/Src/stm32f1xx_hal_gpio.o
 .comment       0x00000046       0x47 ./build/Debug/.obj/Drivers/STM32F1xx_HAL_Driver/Src/stm32f1xx_hal_rcc.o
 .comment       0x00000046       0x47 ./build/Debug/.obj/Drivers/STM32F1xx_HAL_Driver/Src/stm32f1xx_hal_tim.o
 .comment       0x00000046       0x47 ./build/Debug/.obj/Drivers/STM32F1xx_HAL_Driver/Src/stm32f1xx_hal_tim_ex.o
 .comment       0x00000046       0x47 ./build/Debug/.obj/Drivers/STM32F1xx_HAL_Driver/Src/stm32f1xx_hal_uart.o

.debug_frame    0x00000000     0x2578
 .debug_frame   0x00000000       0x64 ./build/Debug/.obj/Core/JC_Gimbal/GImbal_track.o
 .debug_frame   0x00000064      0x1d8 ./build/Debug/.obj/Core/JC_Gimbal/JC.o
 .debug_frame   0x0000023c      0x150 ./build/Debug/.obj/Core/Message/uart.o
 .debug_frame   0x0000038c       0xa8 ./build/Debug/.obj/Core/Message/vision.o
 .debug_frame   0x00000434       0x2c ./build/Debug/.obj/Core/Src/dma.o
 .debug_frame   0x00000460       0x3c ./build/Debug/.obj/Core/Src/gpio.o
 .debug_frame   0x0000049c       0x70 ./build/Debug/.obj/Core/Src/main.o
 .debug_frame   0x0000050c       0x28 ./build/Debug/.obj/Core/Src/stm32f1xx_hal_msp.o
 .debug_frame   0x00000534      0x150 ./build/Debug/.obj/Core/Src/stm32f1xx_it.o
 .debug_frame   0x00000684       0x30 ./build/Debug/.obj/Core/Src/system_stm32f1xx.o
 .debug_frame   0x000006b4       0x64 ./build/Debug/.obj/Core/Src/tim.o
 .debug_frame   0x00000718       0x98 ./build/Debug/.obj/Core/Src/usart.o
 .debug_frame   0x000007b0      0x1cc ./build/Debug/.obj/Drivers/STM32F1xx_HAL_Driver/Src/stm32f1xx_hal.o
 .debug_frame   0x0000097c      0x19c ./build/Debug/.obj/Drivers/STM32F1xx_HAL_Driver/Src/stm32f1xx_hal_cortex.o
 .debug_frame   0x00000b18      0x144 ./build/Debug/.obj/Drivers/STM32F1xx_HAL_Driver/Src/stm32f1xx_hal_dma.o
 .debug_frame   0x00000c5c       0xe4 ./build/Debug/.obj/Drivers/STM32F1xx_HAL_Driver/Src/stm32f1xx_hal_gpio.o
 .debug_frame   0x00000d40      0x184 ./build/Debug/.obj/Drivers/STM32F1xx_HAL_Driver/Src/stm32f1xx_hal_rcc.o
 .debug_frame   0x00000ec4      0xb18 ./build/Debug/.obj/Drivers/STM32F1xx_HAL_Driver/Src/stm32f1xx_hal_tim.o
 .debug_frame   0x000019dc      0x418 ./build/Debug/.obj/Drivers/STM32F1xx_HAL_Driver/Src/stm32f1xx_hal_tim_ex.o
 .debug_frame   0x00001df4      0x5dc ./build/Debug/.obj/Drivers/STM32F1xx_HAL_Driver/Src/stm32f1xx_hal_uart.o
 .debug_frame   0x000023d0       0x24 C:/Users/30609/.eide/tools/gcc_arm/bin/../lib/gcc/arm-none-eabi/14.3.1/thumb/v7-m/nofp\libgcc.a(_arm_mulsf3.o)
 .debug_frame   0x000023f4       0x4c C:/Users/30609/.eide/tools/gcc_arm/bin/../lib/gcc/arm-none-eabi/14.3.1/thumb/v7-m/nofp\libgcc.a(_arm_addsubsf3.o)
 .debug_frame   0x00002440       0xc8 C:/Users/30609/.eide/tools/gcc_arm/bin/../lib/gcc/arm-none-eabi/14.3.1/thumb/v7-m/nofp\libgcc.a(_arm_cmpsf2.o)
 .debug_frame   0x00002508       0x24 C:/Users/30609/.eide/tools/gcc_arm/bin/../lib/gcc/arm-none-eabi/14.3.1/thumb/v7-m/nofp\libgcc.a(_arm_fixsfsi.o)
 .debug_frame   0x0000252c       0x20 C:/Users/30609/.eide/tools/gcc_arm/bin/../lib/gcc/arm-none-eabi/14.3.1/../../../../arm-none-eabi/lib/thumb/v7-m/nofp\libc_nano.a(libc_a-memset.o)
 .debug_frame   0x0000254c       0x2c C:/Users/30609/.eide/tools/gcc_arm/bin/../lib/gcc/arm-none-eabi/14.3.1/../../../../arm-none-eabi/lib/thumb/v7-m/nofp\libc_nano.a(libc_a-init.o)

.debug_line_str
                0x00000000      0x123
 .debug_line_str
                0x00000000      0x123 ./build/Debug/.obj/Core/Startup/startup_stm32f103c8tx.o
                                 0x55 (size before relaxing)
 .debug_line_str
                0x00000123       0xce C:/Users/30609/.eide/tools/gcc_arm/bin/../lib/gcc/arm-none-eabi/14.3.1/thumb/v7-m/nofp\libgcc.a(_arm_mulsf3.o)
 .debug_line_str
                0x00000123       0xce C:/Users/30609/.eide/tools/gcc_arm/bin/../lib/gcc/arm-none-eabi/14.3.1/thumb/v7-m/nofp\libgcc.a(_arm_addsubsf3.o)
 .debug_line_str
                0x00000123       0xce C:/Users/30609/.eide/tools/gcc_arm/bin/../lib/gcc/arm-none-eabi/14.3.1/thumb/v7-m/nofp\libgcc.a(_arm_cmpsf2.o)
 .debug_line_str
                0x00000123       0xce C:/Users/30609/.eide/tools/gcc_arm/bin/../lib/gcc/arm-none-eabi/14.3.1/thumb/v7-m/nofp\libgcc.a(_arm_fixsfsi.o)
